Godot Engine v4.7.1.stable.official.a13da4feb - https://godotengine.org

div | goles | remates | >20m | >25m | al arco | conversion | dist p50/p90
 10 |  1.58 |     5.8 |  42% |  10% |     55% |      26.8% | 19/25
  5 |  1.63 |     6.9 |  33% |   8% |     58% |      22.1% | 17/25
  1 |  1.65 |     7.6 |  34% |  10% |     61% |      20.9% | 17/25
distancia | tiro | remates | goles | conversion
     0-11 |  1-39 |      23 |     8 | 34.8%
     0-11 | 40-69 |      74 |    14 | 18.9%
     0-11 | 70-99 |      77 |    13 | 16.9%
    11-18 |  1-39 |      78 |    13 | 16.7%
    11-18 | 40-69 |     196 |    53 | 27.0%
    11-18 | 70-99 |     227 |    58 | 25.6%
    18-25 |  1-39 |     159 |    26 | 16.4%
    18-25 | 40-69 |     257 |    45 | 17.5%
    18-25 | 70-99 |     299 |    57 | 19.1%
      25+ |  1-39 |      22 |     4 | 18.2%
      25+ | 40-69 |      68 |    14 | 20.6%
      25+ | 70-99 |      80 |    10 | 12.5%
Calidad geométrica (no xG) | tipo | intentos | goles | bloqueos | conversión
[0.0,0.2) | cabezazo | 110 | 27 | 0 | 24.5%
[0.2,0.4) | cabezazo | 133 | 37 | 0 | 27.8%
[0.4,0.6) | cabezazo | 131 | 58 | 0 | 44.3%
[0.6,0.8) | cabezazo | 34 | 15 | 0 | 44.1%
[0.8,1.0] | cabezazo | 7 | 5 | 0 | 71.4%
[0.0,0.2) | tiro | 360 | 58 | 44 | 16.1%
[0.2,0.4) | tiro | 695 | 130 | 90 | 18.7%
[0.4,0.6) | tiro | 357 | 91 | 33 | 25.5%
[0.6,0.8) | tiro | 113 | 32 | 13 | 28.3%
[0.8,1.0] | tiro | 35 | 4 | 2 | 11.4%
[0.0,0.2) | tiros_libres | 34 | 6 | 16 | 17.6%
[0.2,0.4) | tiros_libres | 10 | 1 | 4 | 10.0%
