Godot Engine v4.7.1.stable.official.a13da4feb - https://godotengine.org

partidos: 20, goles: 42
  patea: 1145
  barrida: 614
  pecho: 242
  lateral_manos: 30
  control_pie: 29
  cae: 52
  volea: 8
  vuela: 139
  festeja: 42
  bloquea: 16
  saque_arco: 38
  taco: 12
  cabecea: 21
  agarra: 19
  amague_centro: 3
  palomita: 3
  dorsales vistos: [1, 2, 3, 4, 5, 6, 7, 8, 9, 10, 11]
ERROR: Failed to read the root certificate store.
   at: get_system_ca_certificates (platform/windows/os_windows.cpp:2582)
