Godot Engine v4.7.1.stable.official.a13da4feb - https://godotengine.org





=== 1000 partidos entre equipos parejos generados al azar ===

Promedio de goles por partido: 2.59

Local 53% | Empate 19% | Visitante 26%

Marcadores mas comunes:

  1-0 : 120

  0-0 : 110

  2-0 : 98

  3-0 : 85

  0-1 : 70

  4-0 : 63

  0-2 : 58

  1-1 : 58



=== Ventaja de local (mismos dos equipos, 500 partidos alternando local) ===

A de local le gana a B: 281/500 (56.2%)

A de visitante le gana a B: 86/500 (17.2%)



=== Favorito vs equipo debil (mejor y peor de 5 candidatos, 300 partidos) ===

Media favorito: 49.9 | Media debil: 41.4

El favorito gana 284/300 (94.7%), empata 14



=== Log de un partido de muestra (solo tiros a puerta y goles) ===

Resultado final: 2 - 0

min 6 - TIRO A PUERTA (Nacional de Muestra) - DC (tiro 71) vs Arq. de Rival de Muestra (57.4) -> 89.2% -> GOL (Nacional de Muestra)

min 21 - TIRO A PUERTA (Rival de Muestra) - EXT (tiro 56) vs Arq. de Nacional de Muestra (58.7) -> 32.4% -> ATAJADA

min 21 - REBOTE (Rival de Muestra) - DC (tiro 35) -> 5.0% -> ATAJADA

min 45 - TIRO A PUERTA (Nacional de Muestra) - DC (tiro 71) vs Arq. de Rival de Muestra (57.4) -> 90.1% -> GOL (Nacional de Muestra)

min 84 - TIRO A PUERTA (Nacional de Muestra) - DC (tiro 31) vs Arq. de Rival de Muestra (57.4) -> 21.5% -> ATAJADA

ERROR: Failed to read the root certificate store.

   at: get_system_ca_certificates (platform/windows/os_windows.cpp:2582)
