t85 m8 det0 pel(-23.8,-9.9,0.0) pos=101008 pase=false | L5(0.0) V101008(0.0) | acc  | ev pase
t86 m8 det0 pel(-24.4,-9.9,0.0) pos=101008 pase=false | L5(0.5) V101008(0.0) | acc  | ev 
t87 m8 det0 pel(-25.3,-9.9,0.0) pos=101008 pase=false | L5(1.0) V101008(0.0) | acc  | ev 
t88 m8 det0 pel(-26.2,-9.9,0.0) pos=101008 pase=false | L5(1.0) V101008(0.0) | acc  | ev 
t89 m8 det0 pel(-27.1,-9.9,0.0) pos=101008 pase=false | L5(0.9) V101008(0.0) | acc  | ev 
t90 m8 det0 pel(-28.0,-9.9,0.0) pos=101008 pase=false | L5(1.4) V101008(0.0) | acc  | ev 
t91 m8 det0 pel(-28.0,-9.9,0.0) pos=-1 pase=false | L5(0.6) L8(5.2) V101008(0.9) | acc barrida:5 | ev gambeta
t92 m8 det0 pel(-28.6,-9.9,0.0) pos=5 pase=false | L5(0.0) L8(4.5) V101008(1.0) | acc  | ev 
t93 m8 det0 pel(-28.6,-9.9,0.0) pos=5 pase=false | L5(0.0) L8(3.8) V101008(1.8) | acc  | ev 
t94 m8 det0 pel(-28.6,-9.9,0.0) pos=5 pase=false | L5(0.0) L8(3.5) V101008(3.2) | acc  | ev 
t95 m9 det0 pel(-28.9,-9.7,0.0) pos=5 pase=false | L5(0.0) L8(4.0) V101008(5.2) | acc  | ev 
t96 m9 det0 pel(-28.5,-9.3,0.0) pos=5 pase=false | L5(0.0) L8(4.3) | acc  | ev 
t97 m9 det0 pel(-27.6,-8.8,0.0) pos=5 pase=false | L5(0.0) L8(4.8) V101005(5.0) V101007(5.8) | acc  | ev 
t98 m9 det0 pel(-23.8,-6.6,1.5) pos=-1 pase=true | L5(4.1) L8(3.7) V101005(3.0) | acc patea:5 | ev 
t99 m9 det0 pel(-20.0,-4.4,2.6) pos=-1 pase=true | L8(4.5) V101005(4.6) | acc  | ev 
t100 m9 det0 pel(-16.2,-2.2,3.3) pos=-1 pase=true | L8(5.9) | acc  | ev 
t101 m9 det0 pel(-12.4,0.1,3.5) pos=-1 pase=true |  | acc  | ev 
t102 m9 det0 pel(-8.6,2.3,3.3) pos=-1 pase=true |  | acc  | ev 
t103 m9 det0 pel(-4.8,4.5,2.6) pos=-1 pase=true | V101006(4.6) | acc  | ev 
t104 m9 det0 pel(-1.0,6.7,1.5) pos=-1 pase=true | L10(4.3) V101006(0.1) | acc  | ev 
t105 m9 det0 pel(2.8,8.9,0.0) pos=-1 pase=true | L10(0.5) V101006(3.7) | acc  | ev 
t106 m10 det0 pel(4.1,9.7,0.0) pos=-1 pase=true | L10(0.5) V101006(4.1) | acc  | ev 
t107 m10 det0 pel(4.6,10.0,0.0) pos=-1 pase=true | L10(1.2) V101006(3.1) | acc  | ev 
t108 m10 det0 pel(4.7,10.1,0.0) pos=-1 pase=true | L10(2.8) V101006(1.3) | acc  | ev 
t109 m10 det0 pel(4.8,10.1,0.0) pos=-1 pase=true | L10(4.7) V101006(0.0) | acc  | ev 
t110 m10 det0 pel(4.8,10.1,0.0) pos=101006 pase=true | L10(5.9) V101006(0.0) | acc  | ev pase
t111 m10 det0 pel(4.3,10.4,0.0) pos=101006 pase=true | L8(5.3) V101006(0.0) | acc  | ev 
t112 m10 det0 pel(3.4,11.0,0.0) pos=101006 pase=true | L8(3.1) V101006(0.0) | acc  | ev 
t113 m10 det0 pel(2.1,11.7,0.0) pos=101006 pase=true | L8(2.0) V101006(0.0) | acc  | ev 
t114 m10 det0 pel(0.0,8.2,1.5) pos=-1 pase=true | L6(4.0) L8(4.7) V101006(4.2) | acc patea:101006 | ev 
t115 m10 det0 pel(-2.1,4.6,2.6) pos=-1 pase=true | L6(0.4) | acc  | ev 
t116 m10 det0 pel(-4.2,1.1,3.3) pos=-1 pase=true | L6(3.3) | acc  | ev 
