35.17 det0 3D(47.70, 0.48, -2.72) motor(49.2, 0.0, -2.9) vuela:101000
35.28 det0 3D(48.35, 0.49, -2.84) motor(49.2, 0.0, -2.9) vuela:101000
35.40 det0 3D(49.02, 0.50, -2.95) motor(49.2, 0.0, -2.9) vuela:101000
35.53 det0 3D(49.75, 0.51, -3.08) motor(49.2, 0.0, -2.9) vuela:101000
35.67 det0 3D(50.49, 0.52, -3.20) motor(49.2, 0.0, -2.9) vuela:101000
35.80 det0 3D(51.24, 0.53, -3.33) motor(49.2, 0.0, -2.9) vuela:101000
35.93 det0 3D(51.98, 0.54, -3.46) motor(49.2, 0.0, -2.9) vuela:101000
36.07 det10 3D(52.35, 0.55, -3.52) motor(53.7, 0.0, -2.4) festeja:9
36.07 det10 3D(52.35, 0.55, -3.52) motor(53.7, 0.0, -2.4) festeja:9
36.07 det10 3D(52.35, 0.55, -3.52) motor(53.7, 0.0, -2.4) festeja:9
36.07 det10 3D(52.35, 0.55, -3.52) motor(53.7, 0.0, -2.4) festeja:9
36.07 det10 3D(52.35, 0.55, -3.52) motor(53.7, 0.0, -2.4) festeja:9
36.07 det10 3D(52.35, 0.55, -3.52) motor(53.7, 0.0, -2.4) festeja:9
36.07 det10 3D(52.35, 0.55, -3.52) motor(53.7, 0.0, -2.4) festeja:9
36.07 det10 3D(52.35, 0.55, -3.52) motor(53.7, 0.0, -2.4) festeja:9
36.07 det10 3D(52.35, 0.55, -3.52) motor(53.7, 0.0, -2.4) festeja:9
36.07 det10 3D(52.35, 0.55, -3.52) motor(53.7, 0.0, -2.4) festeja:9
36.07 det10 3D(52.35, 0.55, -3.52) motor(53.7, 0.0, -2.4) festeja:9
36.07 det10 3D(52.35, 0.55, -3.52) motor(53.7, 0.0, -2.4) festeja:9
36.07 det10 3D(52.35, 0.55, -3.52) motor(53.7, 0.0, -2.4) festeja:9
36.07 det10 3D(52.35, 0.55, -3.52) motor(53.7, 0.0, -2.4) festeja:9
36.07 det10 3D(52.35, 0.55, -3.52) motor(53.7, 0.0, -2.4) festeja:9
36.07 det10 3D(52.35, 0.55, -3.52) motor(53.7, 0.0, -2.4) festeja:9
36.07 det10 3D(52.35, 0.55, -3.52) motor(53.7, 0.0, -2.4) festeja:9
36.07 det10 3D(52.35, 0.55, -3.52) motor(53.7, 0.0, -2.4) festeja:9
36.07 det10 3D(52.35, 0.55, -3.52) motor(53.7, 0.0, -2.4) festeja:9
36.07 det10 3D(52.35, 0.55, -3.52) motor(53.7, 0.0, -2.4) festeja:9
36.07 det10 3D(52.35, 0.55, -3.52) motor(53.7, 0.0, -2.4) festeja:9
36.07 det10 3D(52.35, 0.55, -3.52) motor(53.7, 0.0, -2.4) festeja:9
36.07 det10 3D(52.35, 0.55, -3.52) motor(53.7, 0.0, -2.4) festeja:9
