620.17 det0 3D(-53.70, 0.22, 2.48) motor(-51.0, 0.0, -0.4) vuela:0
620.17 det0 3D(-53.70, 0.22, 2.48) motor(-51.0, 0.0, -0.4) vuela:0
620.17 det0 3D(-53.70, 0.22, 2.48) motor(-51.0, 0.0, -0.4) vuela:0
620.17 det0 3D(-53.70, 0.22, 2.48) motor(-51.0, 0.0, -0.4) vuela:0
620.17 det0 3D(-53.70, 0.22, 2.48) motor(-51.0, 0.0, -0.4) vuela:0
620.17 det0 3D(-53.70, 0.22, 2.48) motor(-51.0, 0.0, -0.4) vuela:0
620.17 det0 3D(-53.70, 0.22, 2.48) motor(-51.0, 0.0, -0.4) vuela:0
620.17 det0 3D(-53.70, 0.22, 2.48) motor(-51.0, 0.0, -0.4) vuela:0
620.17 det0 3D(-53.70, 0.22, 2.48) motor(-51.0, 0.0, -0.4) vuela:0
620.17 det0 3D(-53.70, 0.22, 2.48) motor(-51.0, 0.0, -0.4) vuela:0
620.17 det0 3D(-53.70, 0.22, 2.48) motor(-51.0, 0.0, -0.4) vuela:0
620.17 det0 3D(-53.70, 0.22, 2.48) motor(-51.0, 0.0, -0.4) vuela:0
620.17 det0 3D(-53.70, 0.22, 2.48) motor(-51.0, 0.0, -0.4) vuela:0
620.17 det0 3D(-53.70, 0.22, 2.48) motor(-51.0, 0.0, -0.4) vuela:0
620.17 det0 3D(-53.70, 0.22, 2.48) motor(-51.0, 0.0, -0.4) vuela:0
620.17 det0 3D(-53.70, 0.22, 2.48) motor(-51.0, 0.0, -0.4) vuela:0
620.17 det0 3D(-53.70, 0.22, 2.48) motor(-51.0, 0.0, -0.4) vuela:0
620.17 det0 3D(-53.70, 0.22, 2.48) motor(-51.0, 0.0, -0.4) vuela:0
620.17 det0 3D(-53.70, 0.22, 2.48) motor(-51.0, 0.0, -0.4) vuela:0
610.13 det0 3D(-30.90, 0.67, 19.53) motor(-30.7, 0.0, 20.1) 
610.40 det0 3D(-31.02, 0.62, 19.47) motor(-30.7, 0.0, 20.1) 
610.67 det0 3D(-31.17, 0.55, 19.38) motor(-30.7, 0.0, 20.1) 
610.93 det0 3D(-31.34, 0.44, 19.27) motor(-30.7, 0.0, 20.1) 
611.20 det0 3D(-31.53, 0.35, 19.15) motor(-31.6, 0.0, 19.6) 
611.47 det0 3D(-31.73, 0.27, 19.04) motor(-31.6, 0.0, 19.6) 
611.73 det0 3D(-31.94, 0.23, 18.93) motor(-31.6, 0.0, 19.6) 
612.00 det0 3D(-32.16, 0.22, 18.83) motor(-31.6, 0.0, 19.6) 
612.27 det0 3D(-32.62, 0.29, 18.87) motor(-32.4, 0.0, 19.1) 
612.53 det0 3D(-33.01, 0.27, 18.65) motor(-32.4, 0.0, 19.1) 
612.80 det0 3D(-33.34, 0.24, 18.57) motor(-32.4, 0.0, 19.1) 
613.07 det0 3D(-33.50, 0.22, 18.55) motor(-33.2, 0.0, 18.6) 
613.33 det0 3D(-33.56, 0.22, 18.58) motor(-33.2, 0.0, 18.6) 
613.60 det0 3D(-33.67, 0.27, 18.63) motor(-33.2, 0.0, 18.6) 
613.87 det0 3D(-33.88, 0.22, 18.58) motor(-33.2, 0.0, 18.6) 
614.13 det0 3D(-34.35, 0.43, 18.12) motor(-34.1, 0.0, 18.6) 
614.40 det0 3D(-34.62, 1.19, 17.71) motor(-34.1, 0.0, 18.6) 
614.67 det0 3D(-34.95, 2.79, 16.32) motor(-34.1, 0.0, 18.6) 
614.93 det0 3D(-35.28, 4.40, 14.93) motor(-34.1, 0.0, 18.6) 
615.20 det0 3D(-35.62, 5.39, 13.55) motor(-35.4, 4.9, 14.4) patea:101009
615.47 det0 3D(-35.95, 5.91, 12.38) motor(-35.4, 4.9, 14.4) patea:101009
615.73 det0 3D(-36.28, 6.38, 11.24) motor(-35.4, 4.9, 14.4) patea:101009
616.00 det0 3D(-36.62, 6.86, 10.11) motor(-35.4, 4.9, 14.4) patea:101009
616.27 det0 3D(-36.95, 6.32, 8.98) motor(-36.6, 5.9, 10.1) 
616.53 det0 3D(-37.29, 5.79, 7.84) motor(-36.6, 5.9, 10.1) 
616.80 det0 3D(-37.62, 5.25, 6.71) motor(-36.6, 5.9, 10.1) 
617.07 det0 3D(-37.95, 4.69, 5.72) motor(-37.9, 3.2, 5.9) 
617.33 det0 3D(-38.23, 3.86, 5.04) motor(-37.9, 3.2, 5.9) 
617.60 det0 3D(-38.34, 2.49, 3.86) motor(-37.9, 3.2, 5.9) 
617.87 det0 3D(-38.33, 1.61, 3.10) motor(-37.9, 3.2, 5.9) 
618.13 det0 3D(-38.83, 1.49, 3.01) motor(-38.6, 0.0, 3.5) palomita:101010
618.40 det0 3D(-40.33, 1.70, 3.02) motor(-38.6, 0.0, 3.5) palomita:101010
618.67 det0 3D(-41.95, 1.82, 2.71) motor(-38.6, 0.0, 3.5) palomita:101010
618.93 det0 3D(-43.14, 1.92, 2.36) motor(-38.6, 0.0, 3.5) palomita:101010
619.20 det0 3D(-44.32, 1.98, 1.94) motor(-44.8, 0.0, 1.5) vuela:0
619.47 det0 3D(-45.51, 2.03, 1.52) motor(-44.8, 0.0, 1.5) vuela:0
619.73 det0 3D(-46.69, 2.09, 1.11) motor(-44.8, 0.0, 1.5) vuela:0
620.00 det0 3D(-47.87, 2.15, 0.69) motor(-44.8, 0.0, 1.5) vuela:0
620.27 det0 3D(-49.05, 2.20, 0.27) motor(-51.0, 0.0, -0.4) vuela:0
620.53 det0 3D(-50.24, 2.26, -0.15) motor(-51.0, 0.0, -0.4) vuela:0
620.80 det0 3D(-51.42, 2.32, -0.57) motor(-51.0, 0.0, -0.4) vuela:0
621.07 det0 3D(-52.13, 2.40, -0.86) motor(-52.5, 0.0, -0.9) 
621.33 det0 3D(-51.44, 2.36, -0.74) motor(-52.5, 0.0, -0.9) 
621.60 det0 3D(-50.77, 2.02, -0.63) motor(-52.5, 0.0, -0.9) 
621.87 det0 3D(-50.11, 1.40, -0.52) motor(-52.5, 0.0, -0.9) 
622.13 det0 3D(-49.42, 0.49, -0.41) motor(-49.8, 0.0, -0.5) 
622.40 det0 3D(-48.70, 0.22, -0.29) motor(-49.8, 0.0, -0.5) 
622.67 det0 3D(-47.97, 0.22, -0.18) motor(-49.8, 0.0, -0.5) 
622.93 det0 3D(-47.25, 0.22, -0.07) motor(-49.8, 0.0, -0.5) 
