434.17 det0 3D(-53.70, 0.22, -2.71) motor(49.1, 0.0, 0.8) patea:8 vuela:101000
434.17 det0 3D(-53.70, 0.22, -2.71) motor(49.1, 0.0, 0.8) patea:8 vuela:101000
434.17 det0 3D(-53.70, 0.22, -2.71) motor(49.1, 0.0, 0.8) patea:8 vuela:101000
434.17 det0 3D(-53.70, 0.22, -2.71) motor(49.1, 0.0, 0.8) patea:8 vuela:101000
434.17 det0 3D(-53.70, 0.22, -2.71) motor(49.1, 0.0, 0.8) patea:8 vuela:101000
434.17 det0 3D(-53.70, 0.22, -2.71) motor(49.1, 0.0, 0.8) patea:8 vuela:101000
434.17 det0 3D(-53.70, 0.22, -2.71) motor(49.1, 0.0, 0.8) patea:8 vuela:101000
434.17 det0 3D(-53.70, 0.22, -2.71) motor(49.1, 0.0, 0.8) patea:8 vuela:101000
434.17 det0 3D(-53.70, 0.22, -2.71) motor(49.1, 0.0, 0.8) patea:8 vuela:101000
434.17 det0 3D(-53.70, 0.22, -2.71) motor(49.1, 0.0, 0.8) patea:8 vuela:101000
434.17 det0 3D(-53.70, 0.22, -2.71) motor(49.1, 0.0, 0.8) patea:8 vuela:101000
434.17 det0 3D(-53.70, 0.22, -2.71) motor(49.1, 0.0, 0.8) patea:8 vuela:101000
434.17 det0 3D(-53.70, 0.22, -2.71) motor(49.1, 0.0, 0.8) patea:8 vuela:101000
434.17 det0 3D(-53.70, 0.22, -2.71) motor(49.1, 0.0, 0.8) patea:8 vuela:101000
434.17 det0 3D(-53.70, 0.22, -2.71) motor(49.1, 0.0, 0.8) patea:8 vuela:101000
434.17 det0 3D(-53.70, 0.22, -2.71) motor(49.1, 0.0, 0.8) patea:8 vuela:101000
434.17 det0 3D(-53.70, 0.22, -2.71) motor(49.1, 0.0, 0.8) patea:8 vuela:101000
434.17 det0 3D(-53.70, 0.22, -2.71) motor(49.1, 0.0, 0.8) patea:8 vuela:101000
434.17 det0 3D(-53.70, 0.22, -2.71) motor(49.1, 0.0, 0.8) patea:8 vuela:101000
434.17 det0 3D(-53.70, 0.22, -2.71) motor(49.1, 0.0, 0.8) patea:8 vuela:101000
430.13 det0 3D(43.45, 0.22, -4.53) motor(43.1, 0.0, -4.5) 
430.40 det0 3D(43.45, 0.22, -4.57) motor(43.1, 0.0, -4.5) 
430.67 det0 3D(43.43, 0.22, -4.54) motor(43.1, 0.0, -4.5) 
430.93 det0 3D(43.43, 0.22, -4.37) motor(43.1, 0.0, -4.5) 
431.20 det0 3D(43.47, 0.22, -4.35) motor(43.1, 0.0, -4.5) 
431.47 det0 3D(43.67, 0.22, -4.09) motor(43.1, 0.0, -4.5) 
431.73 det0 3D(43.69, 0.22, -3.84) motor(43.1, 0.0, -4.5) 
432.00 det0 3D(43.75, 0.22, -3.69) motor(43.1, 0.0, -4.5) 
432.27 det0 3D(43.76, 0.22, -3.72) motor(43.4, 0.0, -4.1) 
432.53 det0 3D(43.78, 0.22, -3.68) motor(43.4, 0.0, -4.1) 
432.80 det0 3D(43.93, 0.29, -3.44) motor(43.4, 0.0, -4.1) 
433.07 det0 3D(44.49, 0.22, -3.26) motor(44.1, 0.0, -3.4) 
433.33 det0 3D(45.37, 0.26, -3.19) motor(44.1, 0.0, -3.4) 
433.60 det0 3D(46.59, 0.32, -3.54) motor(44.1, 0.0, -3.4) 
433.87 det0 3D(47.69, 0.36, -3.61) motor(44.1, 0.0, -3.4) 
434.13 det0 3D(48.79, 0.41, -3.68) motor(49.1, 0.0, 0.8) patea:8 vuela:101000
434.40 det0 3D(49.89, 0.45, -3.76) motor(49.1, 0.0, 0.8) patea:8 vuela:101000
434.67 det0 3D(50.98, 0.50, -3.83) motor(49.1, 0.0, 0.8) patea:8 vuela:101000
434.93 det0 3D(52.08, 0.54, -3.90) motor(49.1, 0.0, 0.8) patea:8 vuela:101000
435.20 det0 3D(52.37, 0.66, -4.46) motor(52.5, 0.0, 3.7) 
435.47 det0 3D(52.39, 0.78, -5.18) motor(52.5, 0.0, 3.7) 
435.73 det0 3D(52.41, 0.87, -5.90) motor(52.5, 0.0, 3.7) 
436.00 det0 3D(52.43, 0.92, -6.63) motor(52.5, 0.0, 3.7) 
436.27 det0 3D(52.45, 0.94, -7.35) motor(52.5, 0.7, -2.8) 
436.53 det0 3D(52.47, 0.93, -8.07) motor(52.5, 0.7, -2.8) 
436.80 det0 3D(52.49, 0.89, -8.80) motor(52.5, 0.7, -2.8) 
437.07 det0 3D(52.50, 0.80, -9.65) motor(52.5, 0.6, -9.3) 
437.33 det0 3D(52.50, 0.63, -10.87) motor(52.5, 0.6, -9.3) 
437.60 det0 3D(52.50, 0.47, -12.09) motor(52.5, 0.6, -9.3) 
437.87 det0 3D(52.50, 0.30, -13.32) motor(52.5, 0.6, -9.3) 
438.13 det0 3D(52.50, 0.22, -13.93) motor(52.5, 0.0, -13.9) 
438.40 det0 3D(52.50, 0.22, -13.93) motor(52.5, 0.0, -13.9) 
438.67 det0 3D(52.50, 0.22, -13.93) motor(52.5, 0.0, -13.9) 
438.93 det0 3D(52.50, 0.22, -13.93) motor(52.5, 0.0, -13.9) 
