Godot Engine v4.7.2.stable.official.ed1daf0bf - https://godotengine.org
OpenGL API 3.3.0 Core Profile Context 26.8.1.260810 - Compatibility - Using Device: ATI Technologies Inc. - AMD Radeon RX 7800 XT

[muestra 3d] 21 jugadas, 514 fotogramas
[muestra 3d] acciones: ["lateral_prepara", "patea", "lateral_manos", "control_pie", "barrida", "pecho", "cae", "taco", "bloquea", "vuela", "agarra", "amague_centro", "festeja", "saque_arco", "cabecea", "volea", "chilena", "palomita", "regate_croqueta", "regate_bicicleta", "regate_ruleta", "regate_globito", "regate_elastica", "lesionado"]
[muestra 3d] sin mostrar: []
  SALTO patea t=181.10 dt=-0.90 salto=0.89 anclada=false z=1.09 corr=(0.0, 0.0, 0.0) pelota=(48.77703, 1.308235, -1.303647)
  detalle control_pie: al golpe 0.05 (dt -0.00) recepcion n=7 media 0.07
  detalle pecho: al golpe -0.00 (dt 0.00) recepcion n=11 media -0.00
  detalle control_pie: al golpe 0.05 (dt 0.00) recepcion n=1 media 0.05
  detalle control_pie: al golpe 0.05 (dt -0.00) recepcion n=7 media 0.07
  detalle control_pie: al golpe 0.05 (dt -0.00) recepcion n=0 media 0.00
  detalle agarra: al golpe -0.05 (dt -0.00) recepcion n=14 media 0.00
  detalle control_pie: al golpe 0.05 (dt -0.00) recepcion n=5 media 0.08
  detalle control_pie: al golpe 0.05 (dt -0.00) recepcion n=7 media 0.07
CONTACTO patea          OK    | al golpe -0.13 m | recepcion - | salto max 0.21 m
CONTACTO saque_arco     OK    | al golpe -0.13 m | recepcion - | salto max 0.40 m
CONTACTO volea          OK    | al golpe -0.02 m | recepcion - | salto max 0.40 m
CONTACTO chilena        OK    | al golpe 0.02 m | recepcion - | salto max 0.40 m
CONTACTO cabecea        OK    | al golpe -0.00 m | recepcion - | salto max 0.40 m
CONTACTO palomita       OK    | al golpe -0.00 m | recepcion - | salto max 0.40 m
CONTACTO taco           OK    | al golpe -0.00 m | recepcion - | salto max 0.22 m
CONTACTO control_pie    OK    | al golpe 0.05 m | recepcion 0.07 m | salto max 0.32 m
CONTACTO pecho          OK    | al golpe -0.00 m | recepcion - | salto max 0.28 m
CONTACTO agarra         OK    | al golpe -0.05 m | recepcion 0.00 m | salto max 0.28 m
CONTACTO lateral_manos  OK    | al golpe -0.00 m | recepcion - | salto max 0.40 m
CONTACTO vuela          OK    | al golpe 0.00 m | recepcion - | salto max 0.40 m
CONTACTO barrida        OK    | al golpe 0.02 m | recepcion - | salto max 0.40 m
CONTACTO bloquea        OK    | al golpe 0.04 m | recepcion - | salto max 0.40 m
  amague: pelota a 0.40 m del jugador como minimo
CONDUCE  regate_croqueta    OK    | pelota-pie media 0.11 m | max 0.27 m | muestras 40
CONDUCE  regate_bicicleta   OK    | pelota-pie media 0.15 m | max 0.36 m | muestras 60
CONDUCE  regate_ruleta      OK    | pelota-pie media 0.03 m | max 0.14 m | muestras 60
CONDUCE  regate_globito     OK    | pelota-pie media 0.12 m | max 1.05 m | muestras 45
CONDUCE  regate_elastica    OK    | pelota-pie media 0.24 m | max 0.61 m | muestras 30
CONDUCE  amague_centro      OK    | pelota-pie media 0.32 m | max 0.42 m | muestras 10
FALLOS=0
  SALTO lateral_manos t=512.90 dt=-0.00 salto=1.87 anclada=false z=2.25 corr=(-0.647179, -1.756369, -0.093136) pelota=(20.42869, 0.70962, 33.40686)
  ALTURAS lateral_manos: Pie_R 0.06  Pie_L 0.06  Frente 1.14  pelota 0.71  cuerpo 0.00
  SALTO control_pie t=512.90 dt=-0.00 salto=1.38 anclada=false z=0.70 corr=(-0.097328, -0.695187, 0.212015) pelota=(28.987, 0.22, 18.37408)
  ALTURAS control_pie: Pie_R 0.07  Pie_L 0.06  Frente 1.12  pelota 0.22  cuerpo 0.00
  SALTO patea t=512.90 dt=-0.00 salto=0.72 anclada=false z=0.00 corr=(-0.297667, 0.0, 0.150406) pelota=(25.61791, 0.22, 18.31247)
  ALTURAS patea: Pie_R 0.14  Pie_L 0.06  Frente 1.17  pelota 0.22  cuerpo 0.00
  SALTO barrida t=512.90 dt=0.00 salto=0.57 anclada=false z=0.00 corr=(0.118956, 0.046818, 0.021551) pelota=(-0.357579, 0.266818, 7.397637)
  ALTURAS barrida: Pie_R 0.43  Pie_L 0.34  Frente 0.88  pelota 0.27  cuerpo 0.00
  SALTO barrida t=512.90 dt=0.00 salto=0.55 anclada=false z=0.00 corr=(0.208969, 0.117518, 0.557208) pelota=(-0.267565, 0.337518, 7.933294)
  SALTO pecho t=512.90 dt=0.00 salto=1.21 anclada=false z=1.34 corr=(-0.333995, -0.838624, -0.002813) pelota=(0.795408, 0.718274, -9.736914)
  ALTURAS pecho: Pie_R 0.06  Pie_L 0.06  Frente 1.30  pelota 0.72  cuerpo 0.00
  SALTO taco t=512.90 dt=-0.00 salto=1.08 anclada=false z=0.00 corr=(-0.555729, 0.208451, 0.143314) pelota=(-16.01297, 0.428451, 2.910885)
  ALTURAS taco: Pie_R 0.37  Pie_L 0.06  Frente 1.08  pelota 0.43  cuerpo 0.00
  SALTO bloquea t=512.90 dt=-0.00 salto=3.46 anclada=false z=0.00 corr=(2.412544, 0.0, -1.635985) pelota=(27.90443, 0.22, 2.884069)
  ALTURAS bloquea: Pie_R 0.05  Pie_L 0.05  Frente 1.22  pelota 0.22  cuerpo 0.00
  SALTO agarra t=512.90 dt=-0.00 salto=3.86 anclada=false z=1.34 corr=(-0.607437, -0.961089, 0.095364) pelota=(48.16959, 0.595809, -1.208283)
  ALTURAS agarra: Pie_R 0.06  Pie_L 0.06  Frente 1.16  pelota 0.60  cuerpo 0.00
  SALTO saque_arco t=512.90 dt=-0.00 salto=1.14 anclada=false z=0.00 corr=(0.050812, 0.038678, 0.120887) pelota=(-46.94919, 0.258678, -0.516588)
  ALTURAS saque_arco: Pie_R 0.14  Pie_L 0.06  Frente 1.17  pelota 0.26  cuerpo 0.00
  SALTO cabecea t=512.90 dt=-0.00 salto=2.02 anclada=false z=3.38 corr=(0.735672, -1.974675, -0.277174) pelota=(47.59622, 1.622598, -1.069985)
  SALTO vuela t=512.90 dt=-0.70 salto=2.02 anclada=false z=3.38 corr=(0.735672, -1.974675, -0.277174) pelota=(47.59622, 1.622598, -1.069985)
  ALTURAS cabecea: Pie_R 0.75  Pie_L 0.75  Frente 1.62  pelota 1.62  cuerpo 0.65
  SALTO cabecea t=512.90 dt=0.70 salto=2.15 anclada=false z=1.01 corr=(-0.638844, -0.517127, 0.49577) pelota=(51.00932, 0.716055, -1.452173)
  SALTO vuela t=512.90 dt=-0.00 salto=2.15 anclada=false z=1.01 corr=(-0.638844, -0.517127, 0.49577) pelota=(51.00932, 0.716055, -1.452173)
  ALTURAS vuela: Pie_R 0.68  Pie_L 0.92  Frente 1.15  pelota 0.72  cuerpo 0.29
  SALTO volea t=512.90 dt=-0.00 salto=0.90 anclada=false z=1.61 corr=(0.187397, -1.120484, -0.080875) pelota=(47.04794, 0.712083, -0.873685)
  SALTO vuela t=512.90 dt=-1.00 salto=0.90 anclada=false z=1.61 corr=(0.187397, -1.120484, -0.080875) pelota=(47.04794, 0.712083, -0.873685)
  ALTURAS volea: Pie_R 1.01  Pie_L 0.74  Frente 1.81  pelota 0.71  cuerpo 0.65
  SALTO volea t=512.90 dt=-0.00 salto=0.52 anclada=false z=1.61 corr=(0.469971, -0.818006, -0.394521) pelota=(47.33052, 1.014561, -1.187331)
  SALTO vuela t=512.90 dt=-1.00 salto=0.52 anclada=false z=1.61 corr=(0.469971, -0.818006, -0.394521) pelota=(47.33052, 1.014561, -1.187331)
  ALTURAS chilena: Pie_R 1.60  Pie_L 1.11  Frente 1.59  pelota 1.01  cuerpo 0.65
  SALTO chilena t=512.90 dt=-0.00 salto=0.69 anclada=false z=2.95 corr=(0.214249, -1.572305, -0.124869) pelota=(47.07479, 1.59716, -0.917679)
  SALTO vuela t=512.90 dt=-1.00 salto=0.69 anclada=false z=2.95 corr=(0.214249, -1.572305, -0.124869) pelota=(47.07479, 1.59716, -0.917679)
  SALTO palomita t=512.90 dt=0.00 salto=0.81 anclada=false z=2.20 corr=(0.534912, -0.924929, -0.862721) pelota=(47.39546, 1.495873, -1.655531)
  SALTO vuela t=512.90 dt=-0.70 salto=0.81 anclada=false z=2.20 corr=(0.534912, -0.924929, -0.862721) pelota=(47.39546, 1.495873, -1.655531)
  ALTURAS palomita: Pie_R 1.13  Pie_L 1.08  Frente 1.50  pelota 1.50  cuerpo 0.65
  ALTURAS regate_croqueta: Pie_R 0.05  Pie_L 0.06  Frente 1.08  pelota 0.22  cuerpo 0.00
  ALTURAS regate_bicicleta: Pie_R 0.07  Pie_L 0.09  Frente 1.08  pelota 0.22  cuerpo 0.00
  ALTURAS regate_ruleta: Pie_R 0.06  Pie_L 0.06  Frente 1.08  pelota 0.22  cuerpo 0.00
  ALTURAS regate_elastica: Pie_R 0.09  Pie_L 0.06  Frente 1.07  pelota 0.22  cuerpo 0.00
