Godot Engine v4.7.2.stable.official.ed1daf0bf - https://godotengine.org
OpenGL API 3.3.0 Core Profile Context 26.8.1.260810 - Compatibility - Using Device: ATI Technologies Inc. - AMD Radeon RX 7800 XT

ERROR: Failed to read the root certificate store.
   at: get_system_ca_certificates (platform/windows/os_windows.cpp:2582)
REGATES_PARTIDO_COMPLETO { "regate_croqueta": 1, "regate_bicicleta": 1 }
OCAMPO tick=0 min=0.09 accion= pose=quieto atlas=24 fase=4.000 z=0.000 pos=(1.314507, 9.560051) acciones=[]
OCAMPO tick=12 min=1.22 accion= pose=corre_a atlas=4 fase=4.756 z=0.000 pos=(1.013889, 9.528679) acciones=[]
OCAMPO tick=13 min=1.31 accion= pose=corre_b atlas=6 fase=6.267 z=0.000 pos=(0.412654, 9.465935) acciones=[]
OCAMPO tick=14 min=1.41 accion= pose=corre_b atlas=0 fase=8.533 z=0.000 pos=(-0.483055, 9.327276) acciones=[]
OCAMPO tick=15 min=1.50 accion= pose=quieto atlas=24 fase=11.538 z=0.000 pos=(-1.622804, 8.945148) acciones=[]
OCAMPO tick=16 min=1.59 accion=barrida pose=barrida atlas=26 fase=0.000 z=0.000 pos=(-1.622804, 8.945148) acciones=[{ "clave": 100924, "accion": "barrida" }]
OCAMPO tick=18 min=1.78 accion=barrida pose=recupera atlas=30 fase=0.667 z=0.000 pos=(-4.453867, 8.945148) acciones=[]
OCAMPO tick=19 min=1.88 accion= pose=corre_b atlas=6 fase=22.267 z=0.000 pos=(-5.914455, 8.945148) acciones=[]
OCAMPO tick=20 min=1.97 accion= pose=corre_a atlas=1 fase=25.970 z=0.000 pos=(-7.395492, 8.945148) acciones=[]
OCAMPO tick=21 min=2.06 accion= pose=corre_b atlas=6 fase=30.092 z=0.000 pos=(-8.801134, 9.806955) acciones=[]
OCAMPO tick=22 min=2.16 accion= pose=corre_a atlas=2 fase=34.170 z=0.000 pos=(-10.19174, 10.65954) acciones=[]
OCAMPO tick=23 min=2.25 accion= pose=corre_b atlas=6 fase=38.203 z=0.000 pos=(-11.5673, 11.50291) acciones=[]
OCAMPO tick=24 min=2.34 accion= pose=corre_a atlas=2 fase=42.193 z=0.000 pos=(-12.92783, 12.33706) acciones=[]
OCAMPO tick=25 min=2.44 accion= pose=corre_b atlas=5 fase=45.152 z=0.000 pos=(-13.93695, 12.95575) acciones=[]
OCAMPO tick=26 min=2.53 accion= pose=corre_b atlas=0 fase=48.022 z=0.000 pos=(-14.91553, 13.55572) acciones=[]
OCAMPO tick=27 min=2.63 accion= pose=corre_a atlas=2 fase=50.795 z=0.000 pos=(-15.86103, 14.13541) acciones=[]
OCAMPO tick=28 min=2.72 accion= pose=corre_b atlas=5 fase=53.487 z=0.000 pos=(-16.77899, 14.69822) acciones=[]
OCAMPO tick=29 min=2.81 accion= pose=corre_b atlas=0 fase=56.110 z=0.000 pos=(-17.67356, 15.24669) acciones=[]
OCAMPO tick=30 min=2.91 accion=regate_croqueta pose=regate_croqueta atlas=24 fase=0.000 z=0.000 pos=(-18.54787, 15.78273) acciones=[{ "clave": 100924, "accion": "regate_croqueta" }]
OCAMPO tick=31 min=3.00 accion=regate_croqueta pose=regate_croqueta atlas=24 fase=0.333 z=0.000 pos=(-19.46665, 16.39699) acciones=[]
OCAMPO tick=32 min=3.09 accion=regate_croqueta pose=regate_croqueta atlas=24 fase=0.667 z=0.000 pos=(-18.70031, 17.98757) acciones=[]
OCAMPO tick=33 min=3.19 accion=regate_croqueta pose=regate_croqueta atlas=24 fase=1.000 z=0.000 pos=(-20.48857, 19.08396) acciones=[]
OCAMPO tick=34 min=3.28 accion= pose=corre_b atlas=5 fase=61.305 z=0.000 pos=(-21.38585, 19.63409) acciones=[]
OCAMPO tick=35 min=3.38 accion= pose=corre_b atlas=7 fase=63.933 z=0.000 pos=(-22.28218, 20.18363) acciones=[]
OCAMPO tick=36 min=3.47 accion= pose=corre_a atlas=2 fase=66.528 z=0.000 pos=(-23.16706, 20.72615) acciones=[]
OCAMPO tick=37 min=3.56 accion= pose=corre_a atlas=5 fase=69.063 z=0.000 pos=(-24.03133, 21.25604) acciones=[]
OCAMPO tick=38 min=3.66 accion= pose=corre_b atlas=7 fase=71.554 z=0.000 pos=(-24.88102, 21.77699) acciones=[]
OCAMPO tick=39 min=3.75 accion= pose=corre_a atlas=2 fase=74.017 z=0.000 pos=(-25.72081, 22.29187) acciones=[]
OCAMPO tick=40 min=3.84 accion=control_pie pose=control_pie atlas=68 fase=0.000 z=0.000 pos=(-26.55395, 22.80268) acciones=[{ "clave": 100924, "accion": "control_pie" }]
OCAMPO tick=41 min=3.94 accion=control_pie pose=control_pie atlas=70 fase=0.500 z=0.000 pos=(-27.3826, 23.31073) acciones=[]
OCAMPO tick=42 min=4.03 accion= pose=corre_a atlas=1 fase=81.320 z=0.000 pos=(-28.25161, 23.74617) acciones=[]
OCAMPO tick=43 min=4.13 accion= pose=corre_a atlas=3 fase=83.750 z=0.000 pos=(-29.12062, 24.18161) acciones=[]
OCAMPO tick=44 min=4.22 accion= pose=corre_b atlas=6 fase=86.180 z=0.000 pos=(-29.98962, 24.61705) acciones=[]
OCAMPO tick=45 min=4.31 accion=patea pose=patea atlas=8 fase=0.000 z=0.000 pos=(-30.85863, 25.05249) acciones=[]
OCAMPO tick=46 min=4.41 accion=patea pose=patea atlas=14 fase=0.750 z=0.000 pos=(-31.31167, 24.34579) acciones=[{ "clave": 100924, "accion": "patea" }]
OCAMPO tick=47 min=4.50 accion= pose=corre_b atlas=21 fase=93.563 z=0.000 pos=(-31.92783, 23.38462) acciones=[]
OCAMPO tick=48 min=4.59 accion= pose=corre_a atlas=17 fase=97.173 z=0.000 pos=(-32.70711, 22.16901) acciones=[]
OCAMPO tick=49 min=4.69 accion= pose=corre_b atlas=21 fase=101.539 z=0.000 pos=(-33.64951, 20.69893) acciones=[]
OCAMPO tick=50 min=4.78 accion= pose=corre_a atlas=18 fase=106.030 z=0.000 pos=(-33.27694, 18.94129) acciones=[]
OCAMPO tick=51 min=4.88 accion= pose=corre_b atlas=23 fase=111.255 z=0.000 pos=(-33.13666, 16.85605) acciones=[]
OCAMPO tick=52 min=4.97 accion= pose=corre_a atlas=20 fase=116.655 z=0.000 pos=(-33.00196, 14.70026) acciones=[]
OCAMPO tick=53 min=5.06 accion= pose=corre_a atlas=18 fase=122.055 z=0.000 pos=(-33.09309, 12.54218) acciones=[]
OCAMPO tick=54 min=5.16 accion= pose=corre_b atlas=23 fase=127.455 z=0.000 pos=(-33.41312, 10.40602) acciones=[]
OCAMPO tick=55 min=5.25 accion= pose=corre_a atlas=20 fase=132.855 z=0.000 pos=(-33.5393, 8.249706) acciones=[]
OCAMPO tick=56 min=5.34 accion= pose=quieto atlas=24 fase=135.162 z=0.000 pos=(-33.34333, 7.348188) acciones=[{ "clave": 54916, "accion": "control_pie" }]
OCAMPO tick=57 min=5.44 accion= pose=corre_b atlas=7 fase=135.917 z=0.000 pos=(-33.04471, 7.394887) acciones=[{ "clave": 54916, "accion": "patea" }]
OCAMPO tick=58 min=5.53 accion= pose=corre_b atlas=0 fase=136.937 z=0.000 pos=(-33.24701, 7.749243) acciones=[]
OCAMPO tick=59 min=5.63 accion= pose=quieto atlas=24 fase=138.050 z=0.000 pos=(-32.80884, 7.827253) acciones=[]
OCAMPO tick=60 min=5.72 accion= pose=corre_a atlas=2 fase=138.050 z=0.000 pos=(-32.80884, 7.827253) acciones=[]
OCAMPO tick=61 min=5.81 accion= pose=corre_a atlas=3 fase=139.195 z=0.000 pos=(-33.19932, 7.587851) acciones=[]
OCAMPO tick=62 min=5.91 accion=patea pose=patea atlas=8 fase=0.000 z=0.000 pos=(-33.84747, 7.190466) acciones=[]
OCAMPO tick=63 min=6.00 accion=patea pose=patea atlas=14 fase=0.750 z=0.000 pos=(-34.65636, 6.508183) acciones=[{ "clave": 100924, "accion": "patea" }]
OCAMPO tick=64 min=6.09 accion= pose=corre_a atlas=19 fase=147.142 z=0.000 pos=(-35.69629, 5.631025) acciones=[]
OCAMPO tick=65 min=6.19 accion= pose=corre_b atlas=23 fase=151.276 z=0.000 pos=(-36.76711, 4.371219) acciones=[{ "clave": 154038, "accion": "control_pie" }]
OCAMPO tick=66 min=6.28 accion= pose=corre_a atlas=20 fase=156.165 z=0.000 pos=(-38.03367, 2.881115) acciones=[]
OCAMPO tick=67 min=6.38 accion= pose=corre_a atlas=1 fase=161.565 z=0.000 pos=(-39.43257, 1.235311) acciones=[]
OCAMPO tick=68 min=6.47 accion= pose=corre_a atlas=4 fase=164.211 z=0.000 pos=(-39.73666, 2.248931) acciones=[]
OCAMPO tick=69 min=6.56 accion= pose=corre_b atlas=7 fase=167.612 z=0.000 pos=(-40.12759, 3.552053) acciones=[]
OCAMPO tick=70 min=6.66 accion= pose=corre_a atlas=3 fase=171.769 z=0.000 pos=(-40.60538, 5.144679) acciones=[]
OCAMPO tick=71 min=6.75 accion= pose=corre_b atlas=16 fase=176.681 z=0.000 pos=(-41.17002, 7.026808) acciones=[{ "clave": 35414, "accion": "barrida" }]
OCAMPO tick=72 min=6.84 accion= pose=corre_a atlas=19 fase=179.156 z=0.000 pos=(-40.96461, 6.058352) acciones=[]
OCAMPO tick=73 min=6.94 accion= pose=corre_b atlas=22 fase=182.387 z=0.000 pos=(-40.69649, 4.794225) acciones=[]
OCAMPO tick=74 min=7.03 accion= pose=corre_a atlas=18 fase=186.373 z=0.000 pos=(-40.36565, 3.234425) acciones=[]
OCAMPO tick=75 min=7.13 accion= pose=corre_b atlas=23 fase=191.115 z=0.000 pos=(-39.9721, 1.378952) acciones=[]
OCAMPO tick=76 min=7.22 accion= pose=corre_a atlas=4 fase=196.515 z=0.000 pos=(-39.36854, -0.69501) acciones=[]
OCAMPO tick=77 min=7.31 accion= pose=corre_a atlas=1 fase=201.696 z=0.000 pos=(-37.46793, -1.521237) acciones=[{ "clave": 35414, "accion": "patea" }]
OCAMPO tick=78 min=7.41 accion= pose=corre_b atlas=7 fase=207.096 z=0.000 pos=(-35.3171, -1.720008) acciones=[]
OCAMPO tick=79 min=7.50 accion= pose=corre_a atlas=4 fase=212.496 z=0.000 pos=(-33.15904, -1.628564) acciones=[]
OCAMPO tick=80 min=7.59 accion= pose=corre_a atlas=1 fase=217.896 z=0.000 pos=(-31.01178, -1.394295) acciones=[]
OCAMPO tick=81 min=7.69 accion= pose=corre_b atlas=7 fase=223.296 z=0.000 pos=(-28.87472, -1.080345) acciones=[]
OCAMPO tick=82 min=7.78 accion= pose=corre_a atlas=4 fase=228.696 z=0.000 pos=(-26.7487, -0.698721) acciones=[]
OCAMPO tick=83 min=7.88 accion= pose=corre_a atlas=2 fase=234.096 z=0.000 pos=(-24.88292, 0.389619) acciones=[]
OCAMPO tick=84 min=7.97 accion= pose=corre_b atlas=6 fase=238.492 z=0.000 pos=(-25.18469, 2.121758) acciones=[{ "clave": 52818, "accion": "pecho" }]
OCAMPO tick=85 min=8.06 accion= pose=corre_a atlas=1 fase=241.455 z=0.000 pos=(-24.01792, 2.330388) acciones=[]
OCAMPO tick=86 min=8.16 accion= pose=corre_b atlas=5 fase=245.172 z=0.000 pos=(-22.56644, 2.653493) acciones=[]
OCAMPO tick=87 min=8.25 accion= pose=corre_a atlas=1 fase=249.645 z=0.000 pos=(-20.83368, 3.098019) acciones=[]
OCAMPO tick=88 min=8.34 accion= pose=corre_b atlas=6 fase=254.872 z=0.000 pos=(-18.82368, 3.673534) acciones=[]
OCAMPO tick=89 min=8.44 accion= pose=corre_a atlas=4 fase=260.272 z=0.000 pos=(-16.76103, 4.31469) acciones=[]
OCAMPO tick=90 min=8.53 accion= pose=corre_a atlas=1 fase=265.672 z=0.000 pos=(-14.65721, 4.804117) acciones=[{ "clave": 154019, "accion": "barrida" }]
OCAMPO tick=91 min=8.63 accion= pose=quieto atlas=24 fase=269.631 z=0.000 pos=(-13.58914, 5.973741) acciones=[]
OCAMPO tick=92 min=8.72 accion= pose=corre_b atlas=6 fase=270.387 z=0.000 pos=(-13.28754, 5.95387) acciones=[]
OCAMPO tick=93 min=8.81 accion= pose=corre_b atlas=7 fase=271.894 z=0.000 pos=(-12.68645, 6.001047) acciones=[]
OCAMPO tick=94 min=8.91 accion= pose=corre_a atlas=1 fase=273.998 z=0.000 pos=(-12.065, 6.568511) acciones=[]
OCAMPO tick=95 min=9.00 accion= pose=corre_a atlas=4 fase=276.844 z=0.000 pos=(-11.35896, 7.46142) acciones=[]
OCAMPO tick=96 min=9.09 accion= pose=corre_b atlas=0 fase=280.434 z=0.000 pos=(-10.61497, 8.689851) acciones=[]
OCAMPO tick=97 min=9.19 accion= pose=corre_a atlas=4 fase=284.772 z=0.000 pos=(-9.863976, 10.25394) acciones=[]
OCAMPO tick=98 min=9.28 accion= pose=corre_a atlas=1 fase=289.859 z=0.000 pos=(-9.126616, 12.15038) acciones=[]
OCAMPO tick=99 min=9.38 accion= pose=corre_b atlas=7 fase=295.259 z=0.000 pos=(-8.470207, 14.20822) acciones=[]
OCAMPO tick=100 min=9.47 accion= pose=corre_a atlas=4 fase=300.659 z=0.000 pos=(-7.918537, 16.29658) acciones=[]
OCAMPO tick=101 min=9.56 accion= pose=corre_a atlas=2 fase=306.059 z=0.000 pos=(-7.453286, 18.40588) acciones=[]
OCAMPO tick=102 min=9.66 accion= pose=corre_b atlas=7 fase=311.459 z=0.000 pos=(-7.059286, 20.52964) acciones=[]
OCAMPO tick=103 min=9.75 accion= pose=quieto atlas=24 fase=316.859 z=0.000 pos=(-6.695206, 22.65874) acciones=[]
OCAMPO tick=111 min=10.50 accion=lateral_prepara pose=lateral_prepara atlas=56 fase=0.000 z=0.000 pos=(-6.62852, 22.95354) acciones=[]
OCAMPO tick=112 min=10.59 accion=lateral_prepara pose=lateral_prepara atlas=57 fase=0.333 z=0.000 pos=(-6.495146, 23.54314) acciones=[]
OCAMPO tick=113 min=10.69 accion=lateral_prepara pose=lateral_prepara atlas=58 fase=0.667 z=0.000 pos=(-6.295086, 24.42755) acciones=[]
OCAMPO tick=114 min=10.78 accion=lateral_manos pose=lateral_manos atlas=61 fase=0.250 z=0.000 pos=(-4.242823, 33.5) acciones=[{ "clave": 100924, "accion": "patea" }, { "clave": 100924, "accion": "lateral_manos" }]
OCAMPO tick=115 min=10.88 accion=lateral_manos pose=lateral_manos atlas=63 fase=0.750 z=0.000 pos=(-4.885232, 33.16308) acciones=[]
OCAMPO tick=116 min=10.97 accion= pose=corre_b atlas=0 fase=328.798 z=0.000 pos=(-5.795311, 32.68577) acciones=[]
OCAMPO tick=117 min=11.06 accion= pose=corre_a atlas=4 fase=332.123 z=0.000 pos=(-6.973062, 32.06808) acciones=[]
OCAMPO tick=118 min=11.16 accion= pose=corre_b atlas=0 fase=336.201 z=0.000 pos=(-8.378394, 31.23966) acciones=[{ "clave": 154024, "accion": "control_pie" }]
OCAMPO tick=119 min=11.25 accion= pose=corre_a atlas=2 fase=338.384 z=0.000 pos=(-7.516365, 31.10033) acciones=[]
OCAMPO tick=120 min=11.34 accion= pose=corre_b atlas=5 fase=341.323 z=0.000 pos=(-6.355958, 30.91278) acciones=[]
OCAMPO tick=121 min=11.44 accion= pose=corre_b atlas=1 fase=345.017 z=0.000 pos=(-4.897173, 30.677) acciones=[]
OCAMPO tick=122 min=11.53 accion= pose=corre_b atlas=5 fase=349.467 z=0.000 pos=(-3.140011, 30.39299) acciones=[]
OCAMPO tick=123 min=11.63 accion= pose=quieto atlas=24 fase=353.701 z=0.000 pos=(-1.468073, 30.12276) acciones=[]
OCAMPO tick=127 min=12.00 accion= pose=corre_a atlas=2 fase=354.456 z=0.000 pos=(-1.174195, 30.05212) acciones=[]
OCAMPO tick=128 min=12.09 accion= pose=corre_a atlas=3 fase=355.968 z=0.000 pos=(-0.586439, 29.91083) acciones=[]
OCAMPO tick=129 min=12.19 accion= pose=corre_b atlas=6 fase=358.235 z=0.000 pos=(0.295195, 29.69889) acciones=[]
OCAMPO tick=130 min=12.28 accion= pose=corre_a atlas=1 fase=361.257 z=0.000 pos=(1.470706, 29.41631) acciones=[]
OCAMPO tick=131 min=12.38 accion= pose=corre_a atlas=5 fase=365.035 z=0.000 pos=(2.940096, 29.06308) acciones=[]
OCAMPO tick=132 min=12.47 accion= pose=corre_a atlas=1 fase=369.569 z=0.000 pos=(4.703363, 28.6392) acciones=[]
OCAMPO tick=133 min=12.56 accion= pose=quieto atlas=24 fase=371.201 z=0.000 pos=(5.338033, 28.48663) acciones=[{ "clave": 52818, "accion": "barrida" }]
OCAMPO tick=134 min=12.66 accion= pose=corre_a atlas=3 fase=371.956 z=0.000 pos=(5.609489, 28.35372) acciones=[]
OCAMPO tick=135 min=12.75 accion= pose=corre_b atlas=5 fase=373.468 z=0.000 pos=(6.152402, 28.08789) acciones=[]
OCAMPO tick=136 min=12.84 accion= pose=corre_b atlas=7 fase=375.735 z=0.000 pos=(6.966772, 27.68914) acciones=[]
OCAMPO tick=137 min=12.94 accion= pose=corre_a atlas=2 fase=378.757 z=0.000 pos=(8.052598, 27.15748) acciones=[]
OCAMPO tick=138 min=13.03 accion= pose=corre_b atlas=6 fase=382.509 z=0.000 pos=(9.499261, 26.75785) acciones=[]
OCAMPO tick=139 min=13.13 accion= pose=corre_a atlas=2 fase=386.972 z=0.000 pos=(11.28212, 26.66854) acciones=[]
OCAMPO tick=140 min=13.22 accion=barrida pose=barrida atlas=26 fase=0.000 z=0.000 pos=(12.38791, 26.90765) acciones=[{ "clave": 100924, "accion": "barrida" }]
OCAMPO tick=142 min=13.41 accion=barrida pose=recupera atlas=30 fase=0.667 z=0.000 pos=(12.54556, 27.79759) acciones=[]
OCAMPO tick=143 min=13.50 accion= pose=corre_a atlas=2 fase=394.327 z=0.000 pos=(12.62214, 28.69949) acciones=[]
OCAMPO tick=144 min=13.59 accion= pose=quieto atlas=24 fase=397.345 z=0.000 pos=(12.70482, 29.904) acciones=[]
OCAMPO tick=152 min=14.34 accion=lateral_prepara pose=lateral_prepara atlas=56 fase=0.000 z=0.000 pos=(12.74539, 30.20351) acciones=[]
OCAMPO tick=153 min=14.44 accion=lateral_prepara pose=lateral_prepara atlas=57 fase=0.333 z=0.000 pos=(12.82653, 30.80254) acciones=[]
OCAMPO tick=154 min=14.53 accion=lateral_prepara pose=lateral_prepara atlas=58 fase=0.667 z=0.000 pos=(12.94825, 31.70108) acciones=[]
OCAMPO tick=155 min=14.63 accion=lateral_manos pose=lateral_manos atlas=61 fase=0.250 z=0.000 pos=(13.19192, 33.5) acciones=[{ "clave": 100924, "accion": "patea" }, { "clave": 100924, "accion": "lateral_manos" }]
OCAMPO tick=156 min=14.72 accion=lateral_manos pose=lateral_manos atlas=63 fase=0.750 z=0.000 pos=(12.5178, 33.23211) acciones=[]
OCAMPO tick=157 min=14.81 accion= pose=corre_a atlas=17 fase=409.284 z=0.000 pos=(11.5628, 32.85259) acciones=[]
OCAMPO tick=158 min=14.91 accion= pose=corre_a atlas=20 fase=412.261 z=0.000 pos=(11.05615, 31.77479) acciones=[]
OCAMPO tick=159 min=15.00 accion= pose=corre_b atlas=7 fase=415.992 z=0.000 pos=(10.49208, 30.3931) acciones=[{ "clave": 154041, "accion": "control_pie" }]
OCAMPO tick=160 min=15.09 accion= pose=corre_a atlas=3 fase=419.021 z=0.000 pos=(11.48654, 29.70114) acciones=[]
OCAMPO tick=161 min=15.19 accion= pose=corre_b atlas=6 fase=422.806 z=0.000 pos=(12.7291, 28.83654) acciones=[]
OCAMPO tick=162 min=15.28 accion= pose=corre_a atlas=3 fase=427.346 z=0.000 pos=(14.21977, 27.79931) acciones=[]
OCAMPO tick=163 min=15.38 accion= pose=quieto atlas=24 fase=432.641 z=0.000 pos=(15.95853, 26.58946) acciones=[]
OCAMPO tick=165 min=15.56 accion= pose=quieto atlas=25 fase=433.492 z=0.000 pos=(16.23797, 26.39502) acciones=[{ "clave": 54910, "accion": "barrida" }, { "clave": 154041, "accion": "cae" }]
OCAMPO tick=174 min=16.41 accion= pose=corre_a atlas=2 fase=434.248 z=0.000 pos=(15.98356, 26.23183) acciones=[]
OCAMPO tick=175 min=16.50 accion= pose=corre_a atlas=3 fase=435.759 z=0.000 pos=(15.47473, 25.90547) acciones=[]
OCAMPO tick=176 min=16.59 accion= pose=corre_b atlas=6 fase=438.026 z=0.000 pos=(14.71149, 25.41591) acciones=[]
OCAMPO tick=177 min=16.69 accion= pose=corre_b atlas=0 fase=440.456 z=0.000 pos=(13.89333, 24.89113) acciones=[]
OCAMPO tick=178 min=16.78 accion= pose=corre_a atlas=2 fase=442.886 z=0.000 pos=(13.07517, 24.36635) acciones=[]
OCAMPO tick=179 min=16.88 accion= pose=corre_b atlas=5 fase=445.316 z=0.000 pos=(12.257, 23.84157) acciones=[]
