Godot Engine v4.7.2.stable.official.ed1daf0bf - https://godotengine.org
OpenGL API 3.3.0 Core Profile Context 26.8.1.260810 - Compatibility - Using Device: ATI Technologies Inc. - AMD Radeon RX 7800 XT

ERROR: Failed to read the root certificate store.
   at: get_system_ca_certificates (platform/windows/os_windows.cpp:2582)
OCAMPO tick=0 min=0.09 accion= pose=quieto atlas=24 fase=4.000 z=0.000 pos=(1.314507, 9.560051) acciones=[]
OCAMPO tick=12 min=1.22 accion= pose=corre_a atlas=4 fase=4.756 z=0.000 pos=(1.013889, 9.528679) acciones=[]
OCAMPO tick=13 min=1.31 accion= pose=corre_b atlas=6 fase=6.267 z=0.000 pos=(0.412654, 9.465935) acciones=[]
OCAMPO tick=14 min=1.41 accion= pose=corre_b atlas=0 fase=8.533 z=0.000 pos=(-0.483055, 9.327276) acciones=[]
OCAMPO tick=15 min=1.50 accion= pose=quieto atlas=24 fase=11.538 z=0.000 pos=(-1.622804, 8.945148) acciones=[]
OCAMPO tick=16 min=1.59 accion=barrida pose=barrida atlas=26 fase=0.000 z=0.000 pos=(-1.622804, 8.945148) acciones=[{ "clave": 100924, "accion": "barrida" }]
OCAMPO tick=18 min=1.78 accion=barrida pose=recupera atlas=30 fase=0.667 z=0.000 pos=(-4.453867, 8.945148) acciones=[]
OCAMPO tick=19 min=1.88 accion= pose=corre_b atlas=6 fase=22.267 z=0.000 pos=(-5.914455, 8.945148) acciones=[]
OCAMPO tick=20 min=1.97 accion= pose=corre_a atlas=1 fase=25.970 z=0.000 pos=(-7.395492, 8.945148) acciones=[]
OCAMPO tick=21 min=2.06 accion= pose=corre_b atlas=6 fase=30.092 z=0.000 pos=(-8.801134, 9.806955) acciones=[]
OCAMPO tick=22 min=2.16 accion= pose=corre_a atlas=2 fase=34.170 z=0.000 pos=(-10.19174, 10.65954) acciones=[]
OCAMPO tick=23 min=2.25 accion= pose=corre_b atlas=6 fase=38.203 z=0.000 pos=(-11.5673, 11.50291) acciones=[]
OCAMPO tick=24 min=2.34 accion= pose=corre_a atlas=2 fase=42.193 z=0.000 pos=(-12.92783, 12.33706) acciones=[]
OCAMPO tick=25 min=2.44 accion= pose=corre_b atlas=5 fase=45.152 z=0.000 pos=(-13.93695, 12.95575) acciones=[]
OCAMPO tick=26 min=2.53 accion= pose=corre_b atlas=0 fase=48.022 z=0.000 pos=(-14.91553, 13.55572) acciones=[]
OCAMPO tick=27 min=2.63 accion= pose=corre_a atlas=2 fase=50.795 z=0.000 pos=(-15.86103, 14.13541) acciones=[]
OCAMPO tick=28 min=2.72 accion= pose=corre_b atlas=5 fase=53.487 z=0.000 pos=(-16.77899, 14.69822) acciones=[]
OCAMPO tick=29 min=2.81 accion= pose=corre_b atlas=0 fase=56.110 z=0.000 pos=(-17.67356, 15.24669) acciones=[]
OCAMPO tick=30 min=2.91 accion=regate_croqueta pose=regate_croqueta atlas=24 fase=0.000 z=0.000 pos=(-18.54787, 15.78273) acciones=[{ "clave": 100924, "accion": "regate_croqueta" }]
OCAMPO tick=42 min=4.03 accion=control_pie pose=control_pie atlas=68 fase=0.000 z=0.000 pos=(-21.13365, 19.08396) acciones=[{ "clave": 100924, "accion": "control_pie" }]
OCAMPO tick=43 min=4.13 accion=taco pose=taco atlas=74 fase=0.500 z=0.000 pos=(-22.01292, 18.78164) acciones=[{ "clave": 100924, "accion": "taco" }]
OCAMPO tick=44 min=4.22 accion= pose=corre_a atlas=1 fase=65.691 z=0.000 pos=(-23.17803, 18.38105) acciones=[]
OCAMPO tick=45 min=4.31 accion= pose=corre_b atlas=5 fase=69.527 z=0.000 pos=(-24.62896, 17.88218) acciones=[]
OCAMPO tick=46 min=4.41 accion= pose=corre_a atlas=2 fase=74.118 z=0.000 pos=(-26.36572, 17.28504) acciones=[]
OCAMPO tick=47 min=4.50 accion= pose=corre_b atlas=7 fase=79.315 z=0.000 pos=(-27.96325, 15.95475) acciones=[]
OCAMPO tick=48 min=4.59 accion= pose=corre_a atlas=4 fase=84.715 z=0.000 pos=(-29.62311, 14.57255) acciones=[]
OCAMPO tick=49 min=4.69 accion= pose=corre_a atlas=2 fase=90.115 z=0.000 pos=(-31.28297, 13.19035) acciones=[]
OCAMPO tick=50 min=4.78 accion= pose=corre_b atlas=7 fase=95.515 z=0.000 pos=(-32.94283, 11.80816) acciones=[]
OCAMPO tick=51 min=4.88 accion= pose=corre_a atlas=4 fase=100.915 z=0.000 pos=(-34.99639, 11.13845) acciones=[]
OCAMPO tick=52 min=4.97 accion= pose=corre_a atlas=2 fase=106.315 z=0.000 pos=(-37.04995, 10.46875) acciones=[]
OCAMPO tick=53 min=5.06 accion= pose=corre_b atlas=7 fase=111.715 z=0.000 pos=(-39.1035, 9.79905) acciones=[]
OCAMPO tick=54 min=5.16 accion= pose=corre_a atlas=5 fase=117.115 z=0.000 pos=(-41.15706, 9.129349) acciones=[]
OCAMPO tick=55 min=5.25 accion= pose=corre_a atlas=2 fase=122.515 z=0.000 pos=(-43.18516, 8.386096) acciones=[]
OCAMPO tick=56 min=5.34 accion= pose=corre_b atlas=5 fase=125.161 z=0.000 pos=(-43.21846, 9.443822) acciones=[]
OCAMPO tick=57 min=5.44 accion= pose=corre_b atlas=0 fase=128.562 z=0.000 pos=(-43.26127, 10.80365) acciones=[]
OCAMPO tick=58 min=5.53 accion= pose=corre_a atlas=4 fase=132.719 z=0.000 pos=(-43.3136, 12.46557) acciones=[]
OCAMPO tick=59 min=5.63 accion= pose=corre_a atlas=1 fase=137.632 z=0.000 pos=(-43.37543, 14.4296) acciones=[]
OCAMPO tick=60 min=5.72 accion= pose=corre_b atlas=23 fase=143.032 z=0.000 pos=(-43.44341, 16.58853) acciones=[]
OCAMPO tick=61 min=5.81 accion= pose=corre_a atlas=17 fase=145.677 z=0.000 pos=(-42.79957, 15.74867) acciones=[]
OCAMPO tick=62 min=5.91 accion= pose=corre_a atlas=5 fase=149.079 z=0.000 pos=(-41.97184, 14.66893) acciones=[{ "clave": 35414, "accion": "barrida" }]
OCAMPO tick=63 min=6.00 accion= pose=corre_b atlas=0 fase=152.860 z=0.000 pos=(-40.5024, 14.31004) acciones=[]
OCAMPO tick=64 min=6.09 accion= pose=corre_b atlas=5 fase=157.397 z=0.000 pos=(-38.74271, 13.86593) acciones=[]
OCAMPO tick=65 min=6.19 accion= pose=corre_a atlas=2 fase=162.690 z=0.000 pos=(-36.69617, 13.32412) acciones=[]
OCAMPO tick=66 min=6.28 accion= pose=corre_b atlas=0 fase=168.090 z=0.000 pos=(-34.54484, 13.13078) acciones=[]
OCAMPO tick=67 min=6.38 accion= pose=corre_b atlas=5 fase=173.490 z=0.000 pos=(-32.38763, 13.02099) acciones=[]
OCAMPO tick=68 min=6.47 accion= pose=corre_a atlas=2 fase=178.890 z=0.000 pos=(-30.23761, 12.81359) acciones=[{ "clave": 35414, "accion": "patea" }]
OCAMPO tick=69 min=6.56 accion= pose=corre_b atlas=0 fase=184.290 z=0.000 pos=(-28.08894, 12.59273) acciones=[]
OCAMPO tick=70 min=6.66 accion= pose=corre_b atlas=5 fase=189.690 z=0.000 pos=(-25.94277, 12.34864) acciones=[]
OCAMPO tick=71 min=6.75 accion= pose=corre_a atlas=3 fase=195.090 z=0.000 pos=(-24.16543, 11.12118) acciones=[]
OCAMPO tick=72 min=6.84 accion= pose=corre_b atlas=0 fase=200.490 z=0.000 pos=(-22.3881, 9.893708) acciones=[]
OCAMPO tick=73 min=6.94 accion= pose=corre_b atlas=5 fase=205.890 z=0.000 pos=(-20.60171, 8.679455) acciones=[]
OCAMPO tick=74 min=7.03 accion= pose=quieto atlas=24 fase=209.878 z=0.000 pos=(-19.25482, 7.824371) acciones=[]
OCAMPO tick=75 min=7.13 accion= pose=corre_a atlas=2 fase=210.634 z=0.000 pos=(-18.97707, 7.705159) acciones=[]
OCAMPO tick=76 min=7.22 accion= pose=quieto atlas=24 fase=211.838 z=0.000 pos=(-18.5347, 7.515288) acciones=[]
OCAMPO tick=77 min=7.31 accion= pose=corre_a atlas=4 fase=212.593 z=0.000 pos=(-18.23245, 7.515288) acciones=[{ "clave": 52818, "accion": "control_pie" }]
OCAMPO tick=78 min=7.41 accion= pose=corre_b atlas=6 fase=214.100 z=0.000 pos=(-17.63664, 7.424015) acciones=[]
OCAMPO tick=79 min=7.50 accion= pose=corre_b atlas=0 fase=216.363 z=0.000 pos=(-16.74179, 7.288814) acciones=[]
OCAMPO tick=80 min=7.59 accion= pose=quieto atlas=24 fase=217.629 z=0.000 pos=(-17.19497, 7.515288) acciones=[]
OCAMPO tick=82 min=7.78 accion= pose=corre_a atlas=3 fase=219.116 z=0.000 pos=(-16.62956, 7.34266) acciones=[{ "clave": 52818, "accion": "control_pie" }]
OCAMPO tick=83 min=7.88 accion= pose=corre_a atlas=4 fase=220.626 z=0.000 pos=(-16.0301, 7.267368) acciones=[{ "clave": 52818, "accion": "patea" }]
OCAMPO tick=84 min=7.97 accion= pose=corre_b atlas=6 fase=222.882 z=0.000 pos=(-15.165, 7.010654) acciones=[]
OCAMPO tick=85 min=8.06 accion= pose=corre_a atlas=1 fase=225.871 z=0.000 pos=(-14.11071, 6.44715) acciones=[]
OCAMPO tick=86 min=8.16 accion= pose=corre_b atlas=21 fase=229.610 z=0.000 pos=(-12.8508, 5.640812) acciones=[]
OCAMPO tick=87 min=8.25 accion= pose=corre_a atlas=18 fase=234.098 z=0.000 pos=(-11.43405, 4.5387) acciones=[]
OCAMPO tick=88 min=8.34 accion= pose=corre_b atlas=23 fase=239.339 z=0.000 pos=(-9.827238, 3.191899) acciones=[]
OCAMPO tick=89 min=8.44 accion= pose=corre_a atlas=20 fase=244.739 z=0.000 pos=(-8.187203, 1.786237) acciones=[]
OCAMPO tick=90 min=8.53 accion= pose=corre_a atlas=18 fase=250.139 z=0.000 pos=(-6.547169, 0.380574) acciones=[]
OCAMPO tick=91 min=8.63 accion= pose=corre_b atlas=23 fase=255.539 z=0.000 pos=(-4.879959, -0.992748) acciones=[]
OCAMPO tick=92 min=8.72 accion= pose=corre_a atlas=20 fase=260.939 z=0.000 pos=(-3.183344, -2.329572) acciones=[]
OCAMPO tick=93 min=8.81 accion= pose=corre_a atlas=2 fase=266.339 z=0.000 pos=(-1.454298, -3.624176) acciones=[]
OCAMPO tick=94 min=8.91 accion= pose=corre_b atlas=7 fase=271.739 z=0.000 pos=(0.311659, -4.867959) acciones=[]
OCAMPO tick=95 min=9.00 accion= pose=corre_a atlas=5 fase=277.054 z=0.000 pos=(2.396017, -4.450223) acciones=[{ "clave": 35414, "accion": "patea" }]
OCAMPO tick=96 min=9.09 accion= pose=corre_a atlas=2 fase=282.454 z=0.000 pos=(4.321561, -3.471509) acciones=[]
OCAMPO tick=97 min=9.19 accion= pose=corre_b atlas=7 fase=287.854 z=0.000 pos=(6.138268, -2.303101) acciones=[]
OCAMPO tick=98 min=9.28 accion= pose=corre_b atlas=5 fase=293.254 z=0.000 pos=(7.867326, -1.008513) acciones=[]
OCAMPO tick=99 min=9.38 accion= pose=corre_a atlas=2 fase=298.654 z=0.000 pos=(9.587008, 0.298503) acciones=[]
OCAMPO tick=100 min=9.47 accion= pose=corre_b atlas=5 fase=301.299 z=0.000 pos=(8.599966, 0.68013) acciones=[{ "clave": 52818, "accion": "pecho" }]
OCAMPO tick=101 min=9.56 accion= pose=corre_b atlas=0 fase=304.700 z=0.000 pos=(7.33101, 1.170754) acciones=[]
OCAMPO tick=102 min=9.66 accion= pose=corre_a atlas=2 fase=306.646 z=0.000 pos=(8.109432, 1.168729) acciones=[]
OCAMPO tick=103 min=9.75 accion= pose=corre_b atlas=5 fase=309.348 z=0.000 pos=(9.190014, 1.180105) acciones=[]
OCAMPO tick=104 min=9.84 accion= pose=corre_b atlas=0 fase=312.805 z=0.000 pos=(10.57159, 1.234812) acciones=[]
OCAMPO tick=105 min=9.94 accion= pose=corre_a atlas=5 fase=317.016 z=0.000 pos=(12.2513, 1.361504) acciones=[]
OCAMPO tick=106 min=10.03 accion= pose=corre_a atlas=1 fase=321.981 z=0.000 pos=(14.22351, 1.594809) acciones=[]
OCAMPO tick=107 min=10.13 accion= pose=corre_a atlas=4 fase=324.474 z=0.000 pos=(13.26473, 1.869446) acciones=[]
OCAMPO tick=108 min=10.22 accion= pose=corre_b atlas=7 fase=327.723 z=0.000 pos=(12.0172, 2.233578) acciones=[]
OCAMPO tick=109 min=10.31 accion= pose=corre_a atlas=3 fase=331.728 z=0.000 pos=(10.48205, 2.690881) acciones=[]
OCAMPO tick=110 min=10.41 accion= pose=corre_b atlas=0 fase=336.488 z=0.000 pos=(8.660656, 3.245819) acciones=[]
OCAMPO tick=111 min=10.50 accion= pose=corre_b atlas=5 fase=341.888 z=0.000 pos=(6.599045, 3.890302) acciones=[]
OCAMPO tick=112 min=10.59 accion= pose=corre_a atlas=3 fase=347.288 z=0.000 pos=(4.524571, 4.492098) acciones=[{ "clave": 52818, "accion": "patea" }]
OCAMPO tick=113 min=10.69 accion= pose=corre_b atlas=0 fase=352.688 z=0.000 pos=(2.421536, 4.98489) acciones=[]
OCAMPO tick=114 min=10.78 accion= pose=corre_b atlas=6 fase=358.088 z=0.000 pos=(0.271277, 5.189802) acciones=[]
OCAMPO tick=115 min=10.88 accion= pose=corre_b atlas=0 fase=360.733 z=0.000 pos=(1.329247, 5.165459) acciones=[]
OCAMPO tick=116 min=10.97 accion= pose=corre_a atlas=4 fase=364.135 z=0.000 pos=(2.689645, 5.155153) acciones=[]
OCAMPO tick=117 min=11.06 accion= pose=corre_b atlas=0 fase=368.291 z=0.000 pos=(4.35229, 5.159675) acciones=[]
OCAMPO tick=118 min=11.16 accion= pose=quieto atlas=24 fase=373.203 z=0.000 pos=(6.316626, 5.20071) acciones=[]
OCAMPO tick=122 min=11.53 accion= pose=corre_b atlas=7 fase=375.219 z=0.000 pos=(6.290348, 5.299636) acciones=[]
OCAMPO tick=123 min=11.63 accion= pose=corre_b atlas=0 fase=376.725 z=0.000 pos=(5.696637, 5.401201) acciones=[]
OCAMPO tick=124 min=11.72 accion= pose=corre_a atlas=2 fase=378.986 z=0.000 pos=(4.805003, 5.553731) acciones=[]
OCAMPO tick=125 min=11.81 accion= pose=corre_b atlas=6 fase=382.003 z=0.000 pos=(3.615447, 5.757226) acciones=[]
OCAMPO tick=126 min=11.91 accion= pose=corre_a atlas=1 fase=385.776 z=0.000 pos=(2.127969, 6.011685) acciones=[{ "clave": 154035, "accion": "patea" }]
OCAMPO tick=127 min=12.00 accion= pose=corre_b atlas=6 fase=390.305 z=0.000 pos=(0.342569, 6.317109) acciones=[]
OCAMPO tick=128 min=12.09 accion= pose=corre_a atlas=3 fase=395.588 z=0.000 pos=(-1.740754, 6.673498) acciones=[]
OCAMPO tick=129 min=12.19 accion= pose=corre_b atlas=0 fase=400.988 z=0.000 pos=(-3.869826, 7.037714) acciones=[]
OCAMPO tick=130 min=12.28 accion= pose=corre_b atlas=6 fase=406.388 z=0.000 pos=(-5.998898, 7.401929) acciones=[]
OCAMPO tick=131 min=12.38 accion= pose=corre_a atlas=3 fase=411.788 z=0.000 pos=(-8.152761, 7.564634) acciones=[]
OCAMPO tick=132 min=12.47 accion= pose=corre_a atlas=1 fase=417.188 z=0.000 pos=(-10.30407, 7.758184) acciones=[{ "clave": 154036, "accion": "pecho" }]
OCAMPO tick=133 min=12.56 accion= pose=corre_b atlas=6 fase=422.588 z=0.000 pos=(-12.45614, 7.943143) acciones=[]
OCAMPO tick=134 min=12.66 accion= pose=corre_a atlas=3 fase=427.988 z=0.000 pos=(-14.60828, 8.127194) acciones=[]
OCAMPO tick=135 min=12.75 accion= pose=corre_b atlas=0 fase=432.437 z=0.000 pos=(-15.11965, 9.831743) acciones=[]
OCAMPO tick=136 min=12.84 accion= pose=corre_b atlas=5 fase=437.642 z=0.000 pos=(-15.71786, 11.8258) acciones=[]
OCAMPO tick=137 min=12.94 accion= pose=corre_a atlas=3 fase=443.042 z=0.000 pos=(-16.33854, 13.8947) acciones=[]
OCAMPO tick=138 min=13.03 accion= pose=corre_b atlas=0 fase=448.442 z=0.000 pos=(-16.95921, 15.9636) acciones=[]
OCAMPO tick=139 min=13.13 accion= pose=corre_b atlas=5 fase=453.842 z=0.000 pos=(-17.57988, 18.03251) acciones=[]
OCAMPO tick=140 min=13.22 accion= pose=corre_b atlas=1 fase=457.061 z=0.000 pos=(-18.7759, 17.5558) acciones=[]
OCAMPO tick=141 min=13.31 accion= pose=corre_a atlas=5 fase=461.035 z=0.000 pos=(-20.25602, 16.97563) acciones=[]
OCAMPO tick=142 min=13.41 accion= pose=corre_a atlas=1 fase=465.765 z=0.000 pos=(-22.02047, 16.29272) acciones=[]
OCAMPO tick=143 min=13.50 accion= pose=corre_b atlas=7 fase=471.165 z=0.000 pos=(-24.10709, 15.73448) acciones=[]
OCAMPO tick=144 min=13.59 accion= pose=corre_a atlas=4 fase=476.565 z=0.000 pos=(-26.19371, 15.17624) acciones=[{ "clave": 54910, "accion": "barrida" }]
OCAMPO tick=145 min=13.69 accion= pose=corre_b atlas=7 fase=479.211 z=0.000 pos=(-25.25538, 14.68692) acciones=[]
OCAMPO tick=146 min=13.78 accion= pose=corre_a atlas=2 fase=482.612 z=0.000 pos=(-24.04905, 14.05785) acciones=[]
OCAMPO tick=147 min=13.88 accion= pose=corre_b atlas=6 fase=486.769 z=0.000 pos=(-22.57473, 13.289) acciones=[]
OCAMPO tick=148 min=13.97 accion= pose=corre_a atlas=3 fase=491.682 z=0.000 pos=(-20.83242, 12.38039) acciones=[]
OCAMPO tick=149 min=14.06 accion= pose=corre_b atlas=1 fase=497.082 z=0.000 pos=(-18.90714, 11.40116) acciones=[]
OCAMPO tick=150 min=14.16 accion= pose=corre_b atlas=6 fase=502.482 z=0.000 pos=(-16.95193, 10.48315) acciones=[]
OCAMPO tick=151 min=14.25 accion= pose=quieto atlas=24 fase=506.296 z=0.000 pos=(-15.51407, 9.972801) acciones=[]
OCAMPO tick=152 min=14.34 accion= pose=corre_a atlas=3 fase=507.052 z=0.000 pos=(-15.22112, 10.04721) acciones=[]
OCAMPO tick=153 min=14.44 accion= pose=quieto atlas=24 fase=508.563 z=0.000 pos=(-14.6342, 10.19191) acciones=[{ "clave": 154019, "accion": "barrida" }, { "clave": 54910, "accion": "cae" }]
OCAMPO tick=162 min=15.28 accion= pose=corre_b atlas=21 fase=509.318 z=0.000 pos=(-14.5753, 9.895452) acciones=[]
OCAMPO tick=163 min=15.38 accion= pose=corre_b atlas=22 fase=510.830 z=0.000 pos=(-14.45749, 9.302543) acciones=[]
OCAMPO tick=164 min=15.47 accion= pose=corre_b atlas=17 fase=513.097 z=0.000 pos=(-14.28079, 8.413178) acciones=[]
OCAMPO tick=165 min=15.56 accion= pose=corre_a atlas=19 fase=515.527 z=0.000 pos=(-14.09136, 7.459815) acciones=[]
OCAMPO tick=166 min=15.66 accion= pose=quieto atlas=24 fase=516.699 z=0.000 pos=(-14.0, 7.0) acciones=[]
OCAMPO tick=176 min=16.59 accion= pose=corre_b atlas=5 fase=517.454 z=0.000 pos=(-13.70511, 7.0663) acciones=[]
OCAMPO tick=177 min=16.69 accion= pose=corre_b atlas=6 fase=518.965 z=0.000 pos=(-13.11534, 7.19892) acciones=[]
OCAMPO tick=178 min=16.78 accion= pose=quieto atlas=24 fase=520.761 z=0.000 pos=(-12.39753, 7.221664) acciones=[]
OCAMPO tick=179 min=16.88 accion= pose=corre_a atlas=1 fase=521.516 z=0.000 pos=(-12.1198, 7.102412) acciones=[]
